开始处理测例集: Process-1
开始处理测例集: Process-2
开始处理测例集: Process-3
开始处理测例集: Process-4
开始处理测例集: Process-5
开始处理测例集: Process-6
开始处理测例集: Process-7
开始处理测例集: Process-8
开始处理测例集: Process-9
开始处理测例集: Process-10
开始处理测例集: Process-11
开始处理测例集: Process-12
开始处理测例集: Process-13
开始处理测例集: Process-14
开始处理测例集: Process-15
开始处理测例集: Process-16
开始处理测例集: Process-17
开始处理测例集: Process-1
开始处理测例集: Process-2
开始处理测例集: Process-3
开始处理测例集: Process-4
开始处理测例集: Process-5
开始处理测例集: Process-6
开始处理测例集: Process-7
开始处理测例集: Process-8
开始处理测例集: Process-9
开始处理测例集: Process-10
开始处理测例集: Process-11
开始处理测例集: Process-12
开始处理测例集: Process-13
开始处理测例集: Process-14
开始处理测例集: Process-15
开始处理测例集: Process-16
开始处理测例集: Process-17
测例集处理完成: Process-1
测例集处理完成: Process-2
测例集处理完成: Process-3
测例集处理完成: Process-4
测例集处理完成: Process-5
测例集处理完成: Process-6
测例集处理完成: Process-7
测例集处理完成: Process-8
测例集处理完成: Process-9
测例集处理完成: Process-10
测例集处理完成: Process-11
测例集处理完成: Process-12
测例集处理完成: Process-13
测例集处理完成: Process-14
测例集处理完成: Process-15
测例集处理完成: Process-16
测例集处理完成: Process-17
所有测例集处理完成
开始处理测例集: Process-1
开始处理测例集: Process-2
开始处理测例集: Process-3
开始处理测例集: Process-4
开始处理测例集: Process-5
开始处理测例集: Process-6
开始处理测例集: Process-7
开始处理测例集: Process-8
开始处理测例集: Process-9
开始处理测例集: Process-10
开始处理测例集: Process-11
开始处理测例集: Process-12
开始处理测例集: Process-13
开始处理测例集: Process-14
开始处理测例集: Process-15
开始处理测例集: Process-16
开始处理测例集: Process-17
测例集处理完成: Process-1
测例集处理完成: Process-2
测例集处理完成: Process-3
测例集处理完成: Process-4
测例集处理完成: Process-5
测例集处理完成: Process-6
测例集处理完成: Process-7
测例集处理完成: Process-8
测例集处理完成: Process-9
测例集处理完成: Process-10
测例集处理完成: Process-11
测例集处理完成: Process-12
测例集处理完成: Process-13
测例集处理完成: Process-14
测例集处理完成: Process-15
测例集处理完成: Process-16
测例集处理完成: Process-17
所有测例集处理完成
开始处理测例集: Process-1
开始处理测例集: Process-2
开始处理测例集: Process-3
开始处理测例集: Process-4
开始处理测例集: Process-5
开始处理测例集: Process-6
开始处理测例集: Process-7
开始处理测例集: Process-8
开始处理测例集: Process-9
开始处理测例集: Process-10
开始处理测例集: Process-11
开始处理测例集: Process-12
开始处理测例集: Process-13
开始处理测例集: Process-14
开始处理测例集: Process-15
开始处理测例集: Process-16
开始处理测例集: Process-17
测例集处理完成: Process-1
测例集处理完成: Process-2
测例集处理完成: Process-3
测例集处理完成: Process-4
测例集处理完成: Process-5
测例集处理完成: Process-6
测例集处理完成: Process-7
测例集处理完成: Process-8
测例集处理完成: Process-9
测例集处理完成: Process-10
测例集处理完成: Process-11
测例集处理完成: Process-12
测例集处理完成: Process-13
测例集处理完成: Process-14
测例集处理完成: Process-15
测例集处理完成: Process-16
测例集处理完成: Process-17
所有测例集处理完成
开始处理测例集: Process-1
开始处理测例集: Process-2
开始处理测例集: Process-3
开始处理测例集: Process-4
开始处理测例集: Process-5
开始处理测例集: Process-6
开始处理测例集: Process-7
开始处理测例集: Process-8
开始处理测例集: Process-9
开始处理测例集: Process-10
开始处理测例集: Process-11
开始处理测例集: Process-12
开始处理测例集: Process-13
开始处理测例集: Process-14
开始处理测例集: Process-15
开始处理测例集: Process-16
开始处理测例集: Process-17
测例集处理完成: Process-1
测例集处理完成: Process-2
测例集处理完成: Process-3
测例集处理完成: Process-4
测例集处理完成: Process-5
测例集处理完成: Process-6
测例集处理完成: Process-7
测例集处理完成: Process-8
测例集处理完成: Process-9
测例集处理完成: Process-10
测例集处理完成: Process-11
测例集处理完成: Process-12
测例集处理完成: Process-13
测例集处理完成: Process-14
测例集处理完成: Process-15
测例集处理完成: Process-16
测例集处理完成: Process-17
所有测例集处理完成
